------------------------------------------------------------
TimeQuest Timing Analyzer Summary
------------------------------------------------------------

Type  : Slow 1200mV 85C Model Setup 'clk'
Slack : -1.968
TNS   : -29.810

Type  : Slow 1200mV 85C Model Setup 'div_490196_counter[18]'
Slack : -1.039
TNS   : -6.885

Type  : Slow 1200mV 85C Model Hold 'clk'
Slack : -0.052
TNS   : -0.052

Type  : Slow 1200mV 85C Model Hold 'div_490196_counter[18]'
Slack : 0.343
TNS   : 0.000

Type  : Slow 1200mV 85C Model Minimum Pulse Width 'clk'
Slack : -3.000
TNS   : -22.000

Type  : Slow 1200mV 85C Model Minimum Pulse Width 'div_490196_counter[18]'
Slack : -1.000
TNS   : -10.000

Type  : Slow 1200mV 0C Model Setup 'clk'
Slack : -1.678
TNS   : -24.869

Type  : Slow 1200mV 0C Model Setup 'div_490196_counter[18]'
Slack : -0.825
TNS   : -5.053

Type  : Slow 1200mV 0C Model Hold 'clk'
Slack : -0.050
TNS   : -0.050

Type  : Slow 1200mV 0C Model Hold 'div_490196_counter[18]'
Slack : 0.299
TNS   : 0.000

Type  : Slow 1200mV 0C Model Minimum Pulse Width 'clk'
Slack : -3.000
TNS   : -22.000

Type  : Slow 1200mV 0C Model Minimum Pulse Width 'div_490196_counter[18]'
Slack : -1.000
TNS   : -10.000

Type  : Fast 1200mV 0C Model Setup 'clk'
Slack : -0.644
TNS   : -8.699

Type  : Fast 1200mV 0C Model Setup 'div_490196_counter[18]'
Slack : -0.138
TNS   : -0.482

Type  : Fast 1200mV 0C Model Hold 'clk'
Slack : -0.091
TNS   : -0.960

Type  : Fast 1200mV 0C Model Hold 'div_490196_counter[18]'
Slack : 0.179
TNS   : 0.000

Type  : Fast 1200mV 0C Model Minimum Pulse Width 'clk'
Slack : -3.000
TNS   : -23.045

Type  : Fast 1200mV 0C Model Minimum Pulse Width 'div_490196_counter[18]'
Slack : -1.000
TNS   : -10.000

------------------------------------------------------------
