------------------------------------------------------------
TimeQuest Timing Analyzer Summary
------------------------------------------------------------

Type  : Slow 1200mV 85C Model Setup 'clk'
Slack : -2.383
TNS   : -37.210

Type  : Slow 1200mV 85C Model Setup 'divided_clk'
Slack : -1.725
TNS   : -16.874

Type  : Slow 1200mV 85C Model Hold 'clk'
Slack : -0.144
TNS   : -0.144

Type  : Slow 1200mV 85C Model Hold 'divided_clk'
Slack : 0.357
TNS   : 0.000

Type  : Slow 1200mV 85C Model Minimum Pulse Width 'clk'
Slack : -3.000
TNS   : -30.000

Type  : Slow 1200mV 85C Model Minimum Pulse Width 'divided_clk'
Slack : -1.000
TNS   : -16.000

Type  : Slow 1200mV 0C Model Setup 'clk'
Slack : -2.042
TNS   : -29.958

Type  : Slow 1200mV 0C Model Setup 'divided_clk'
Slack : -1.448
TNS   : -13.604

Type  : Slow 1200mV 0C Model Hold 'clk'
Slack : -0.125
TNS   : -0.125

Type  : Slow 1200mV 0C Model Hold 'divided_clk'
Slack : 0.311
TNS   : 0.000

Type  : Slow 1200mV 0C Model Minimum Pulse Width 'clk'
Slack : -3.000
TNS   : -30.000

Type  : Slow 1200mV 0C Model Minimum Pulse Width 'divided_clk'
Slack : -1.000
TNS   : -16.000

Type  : Fast 1200mV 0C Model Setup 'clk'
Slack : -0.881
TNS   : -10.107

Type  : Fast 1200mV 0C Model Setup 'divided_clk'
Slack : -0.540
TNS   : -3.488

Type  : Fast 1200mV 0C Model Hold 'clk'
Slack : -0.195
TNS   : -0.195

Type  : Fast 1200mV 0C Model Hold 'divided_clk'
Slack : 0.186
TNS   : 0.000

Type  : Fast 1200mV 0C Model Minimum Pulse Width 'clk'
Slack : -3.000
TNS   : -31.485

Type  : Fast 1200mV 0C Model Minimum Pulse Width 'divided_clk'
Slack : -1.000
TNS   : -16.000

------------------------------------------------------------
