------------------------------------------------------------
TimeQuest Timing Analyzer Summary
------------------------------------------------------------

Type  : Slow 1200mV 85C Model Setup 'clk_org'
Slack : -1.923
TNS   : -28.968

Type  : Slow 1200mV 85C Model Setup 'clk_in'
Slack : 0.124
TNS   : 0.000

Type  : Slow 1200mV 85C Model Hold 'clk_in'
Slack : 0.413
TNS   : 0.000

Type  : Slow 1200mV 85C Model Hold 'clk_org'
Slack : 0.558
TNS   : 0.000

Type  : Slow 1200mV 85C Model Minimum Pulse Width 'clk_org'
Slack : -3.000
TNS   : -26.000

Type  : Slow 1200mV 85C Model Minimum Pulse Width 'clk_in'
Slack : -3.000
TNS   : -13.000

Type  : Slow 1200mV 0C Model Setup 'clk_org'
Slack : -1.610
TNS   : -23.101

Type  : Slow 1200mV 0C Model Setup 'clk_in'
Slack : 0.218
TNS   : 0.000

Type  : Slow 1200mV 0C Model Hold 'clk_in'
Slack : 0.373
TNS   : 0.000

Type  : Slow 1200mV 0C Model Hold 'clk_org'
Slack : 0.499
TNS   : 0.000

Type  : Slow 1200mV 0C Model Minimum Pulse Width 'clk_org'
Slack : -3.000
TNS   : -26.000

Type  : Slow 1200mV 0C Model Minimum Pulse Width 'clk_in'
Slack : -3.000
TNS   : -13.000

Type  : Fast 1200mV 0C Model Setup 'clk_org'
Slack : -0.677
TNS   : -7.399

Type  : Fast 1200mV 0C Model Setup 'clk_in'
Slack : 0.522
TNS   : 0.000

Type  : Fast 1200mV 0C Model Hold 'clk_in'
Slack : 0.216
TNS   : 0.000

Type  : Fast 1200mV 0C Model Hold 'clk_org'
Slack : 0.297
TNS   : 0.000

Type  : Fast 1200mV 0C Model Minimum Pulse Width 'clk_org'
Slack : -3.000
TNS   : -27.342

Type  : Fast 1200mV 0C Model Minimum Pulse Width 'clk_in'
Slack : -3.000
TNS   : -14.050

------------------------------------------------------------
