------------------------------------------------------------
TimeQuest Timing Analyzer Summary
------------------------------------------------------------

Type  : Slow 1200mV 85C Model Setup 'div_counter[8]'
Slack : -0.852
TNS   : -4.531

Type  : Slow 1200mV 85C Model Setup 'clk'
Slack : -0.798
TNS   : -4.585

Type  : Slow 1200mV 85C Model Hold 'clk'
Slack : -0.043
TNS   : -0.043

Type  : Slow 1200mV 85C Model Hold 'div_counter[8]'
Slack : 0.362
TNS   : 0.000

Type  : Slow 1200mV 85C Model Minimum Pulse Width 'clk'
Slack : -3.000
TNS   : -12.000

Type  : Slow 1200mV 85C Model Minimum Pulse Width 'div_counter[8]'
Slack : -1.000
TNS   : -32.000

Type  : Slow 1200mV 0C Model Setup 'div_counter[8]'
Slack : -0.639
TNS   : -3.258

Type  : Slow 1200mV 0C Model Setup 'clk'
Slack : -0.591
TNS   : -3.233

Type  : Slow 1200mV 0C Model Hold 'clk'
Slack : -0.040
TNS   : -0.040

Type  : Slow 1200mV 0C Model Hold 'div_counter[8]'
Slack : 0.321
TNS   : 0.000

Type  : Slow 1200mV 0C Model Minimum Pulse Width 'clk'
Slack : -3.000
TNS   : -12.000

Type  : Slow 1200mV 0C Model Minimum Pulse Width 'div_counter[8]'
Slack : -1.000
TNS   : -32.000

Type  : Fast 1200mV 0C Model Setup 'div_counter[8]'
Slack : -0.042
TNS   : -0.047

Type  : Fast 1200mV 0C Model Setup 'clk'
Slack : -0.012
TNS   : -0.020

Type  : Fast 1200mV 0C Model Hold 'clk'
Slack : -0.063
TNS   : -0.063

Type  : Fast 1200mV 0C Model Hold 'div_counter[8]'
Slack : 0.195
TNS   : 0.000

Type  : Fast 1200mV 0C Model Minimum Pulse Width 'clk'
Slack : -3.000
TNS   : -12.495

Type  : Fast 1200mV 0C Model Minimum Pulse Width 'div_counter[8]'
Slack : -1.000
TNS   : -32.000

------------------------------------------------------------
